// Jest Snapshot v1, https://goo.gl/fbAQLP

exports[`Postman Conversion Blog Post API 1`] = `
Object {
  "info": Object {
    "name": "Blog API",
    "schema": "https://schema.getpostman.com/json/collection/v2.1.0/collection.json",
  },
  "item": Array [
    Object {
      "item": Array [
        Object {
          "name": "createPost",
          "request": Object {
            "auth": undefined,
            "body": Object {
              "mode": "raw",
              "options": Object {
                "raw": Object {
                  "language": "json",
                },
              },
              "raw": "{
    \\"title\\": \\"example\\",
    \\"author\\": {
        \\"_type\\": \\"anonymous\\"
    },
    \\"content\\": \\"example\\",
    \\"postType\\": \\"LONG\\"
}",
            },
            "description": "Creates a blog post and returns blog post id.",
            "header": Array [
              Object {
                "description": undefined,
                "key": "x-service-header",
                "type": "text",
                "value": "example",
              },
              Object {
                "description": "I'm a header!",
                "key": "x-endpoint-header",
                "type": "text",
                "value": "example",
              },
            ],
            "method": "POST",
            "url": Object {
              "host": Array [
                "{{origin}}",
              ],
              "path": Array [
                "posts-service",
                "create",
              ],
              "raw": "{{origin}}/posts-service/create",
            },
          },
          "response": Array [
            Object {
              "_postman_previewlanguage": "json",
              "body": "\\"example\\"",
              "code": 200,
              "description": undefined,
              "name": "Successful createPost",
              "originalRequest": Object {
                "auth": undefined,
                "body": Object {
                  "mode": "raw",
                  "options": Object {
                    "raw": Object {
                      "language": "json",
                    },
                  },
                  "raw": "{
    \\"title\\": \\"example\\",
    \\"author\\": {
        \\"_type\\": \\"anonymous\\"
    },
    \\"content\\": \\"example\\",
    \\"postType\\": \\"LONG\\"
}",
                },
                "description": "Creates a blog post and returns blog post id.",
                "header": Array [
                  Object {
                    "description": undefined,
                    "key": "x-service-header",
                    "type": "text",
                    "value": "example",
                  },
                  Object {
                    "description": "I'm a header!",
                    "key": "x-endpoint-header",
                    "type": "text",
                    "value": "example",
                  },
                ],
                "method": "POST",
                "url": Object {
                  "host": Array [
                    "{{origin}}",
                  ],
                  "path": Array [
                    "posts-service",
                    "create",
                  ],
                  "raw": "{{origin}}/posts-service/create",
                },
              },
            },
          ],
        },
        Object {
          "name": "getPost",
          "request": Object {
            "auth": undefined,
            "body": Object {
              "mode": "raw",
              "options": Object {
                "raw": Object {
                  "language": "json",
                },
              },
              "raw": undefined,
            },
            "description": "Gets a blog post.",
            "header": Array [
              Object {
                "description": undefined,
                "key": "x-service-header",
                "type": "text",
                "value": "example",
              },
            ],
            "method": "GET",
            "url": Object {
              "host": Array [
                "{{origin}}",
              ],
              "path": Array [
                "posts-service",
                ":postId",
              ],
              "raw": "{{origin}}/posts-service/:postId",
            },
          },
          "response": Array [
            Object {
              "_postman_previewlanguage": "json",
              "body": "{
    \\"id\\": \\"example\\",
    \\"type\\": \\"LONG\\",
    \\"title\\": \\"example\\",
    \\"author\\": {
        \\"_type\\": \\"anonymous\\"
    },
    \\"content\\": \\"example\\"
}",
              "code": 200,
              "description": undefined,
              "name": "Successful getPost",
              "originalRequest": Object {
                "auth": undefined,
                "body": Object {
                  "mode": "raw",
                  "options": Object {
                    "raw": Object {
                      "language": "json",
                    },
                  },
                  "raw": undefined,
                },
                "description": "Gets a blog post.",
                "header": Array [
                  Object {
                    "description": undefined,
                    "key": "x-service-header",
                    "type": "text",
                    "value": "example",
                  },
                ],
                "method": "GET",
                "url": Object {
                  "host": Array [
                    "{{origin}}",
                  ],
                  "path": Array [
                    "posts-service",
                    ":postId",
                  ],
                  "raw": "{{origin}}/posts-service/:postId",
                },
              },
            },
          ],
        },
      ],
      "name": "PostsService",
    },
  ],
  "variable": Array [
    Object {
      "key": "origin",
      "type": "string",
      "value": "http://localhost:8080",
    },
  ],
}
`;
